hallo
shfkajsg
asasdas
